---
source: tui/src/status/tests.rs
expression: sanitized
---
/status

╭────────────────────────────────────────╮
│  >_ Corbanu Terminal (v<V>)            │
│                                        │
│ Visit                                  │
│ https://chatgpt.com/codex/settings/usa │
│ for up-to-date                         │
│ information on rate limits and credits │
│                                        │
│  Model:                ｶﾞﾊﾟｶﾞﾊﾟｶﾞﾊﾟｶﾞ  │
│  Directory: [[workspace]]              │
│  Permissions:          Next turn:      │
│                        Custom          │
│                        (workspace      │
│                        with network    │
│                        access, Ask for │
│                        approval)       │
│  Security:             Requested       │
│                        Permissive;     │
│                        effective       │
│                        protection      │
│                        unverified (/   │
│                        security)       │
│  Agents.md:            <none>          │
│  Account:              ｶﾞﾊﾟｶﾞﾊﾟｶﾞﾊﾟ@ex │
│  Thread name:          ｶﾞﾊﾟｶﾞﾊﾟｶﾞﾊﾟｶﾞ  │
│  Collaboration mode:   ｶﾞﾊﾟ collaborat │
│                                        │
│  Limits:               data not availa │
╰────────────────────────────────────────╯
