---
source: tui/src/status/tests.rs
assertion_line: 1561
expression: sanitized
---
/status

╭────────────────────────────────────────╮
│  >_ PFTerminal (v0.1.27)               │
│                                        │
│  Model:                ｶﾞﾊﾟｶﾞﾊﾟｶﾞﾊﾟｶﾞ  │
│  Model provider:       Ambient         │
│  Directory: [[workspace]]              │
│  Permissions:          Custom (workspa │
│  Agents.md:            <none>          │
│  Account:              ｶﾞﾊﾟｶﾞﾊﾟｶﾞﾊﾟ@ex │
│  Thread name:          ｶﾞﾊﾟｶﾞﾊﾟｶﾞﾊﾟｶﾞ  │
│  Collaboration mode:   ｶﾞﾊﾟ collaborat │
│                                        │
│  Limits:               data not availa │
╰────────────────────────────────────────╯
