---
source: tui/src/status/tests.rs
expression: sanitized
---
/status

╭──────────────────────────────────────────────────────────────────────────╮
│  >_ Corbanu Terminal (v0.1.38)                                           │
│                                                                          │
│  Model:            gpt-5.1-codex-max                                     │
│  Model provider:   Ambient                                               │
│  Directory: [[workspace]]                                                │
│  Permissions:      Workspace (Approve for me)                            │
│  Security:         Requested Permissive; effective protection unverified │
│                    (/security)                                           │
│  Agents.md:        <none>                                                │
│                                                                          │
│  Token usage:      0 total  (0 input + 0 output)                         │
│  Context window:   100% left (0 used / 272K)                             │
│  Limits:           data not available yet                                │
╰──────────────────────────────────────────────────────────────────────────╯
