---
source: tui/src/status/tests.rs
expression: sanitized
---
/status

╭────────────────────────────────────────────╮
│  >_ Corbanu Terminal (v<V>)                │
│                                            │
│  Model:                  gpt-5.1-codex-max │
│  Model provider:         Ambient           │
│  Directory: [[workspace]]                  │
│  Permissions:            Next turn: Custom │
│                          (workspace with   │
│                          network access,   │
│                          Ask for approval) │
│                          A running         │
│                          turn keeps        │
│                          its captured      │
│                          permissions (not  │
│                          reported here)    │
│                          and granted       │
│                          approvals. Shared │
│                          services keep     │
│                          their existing    │
│                          refresh behavior. │
│  Security:               Requested         │
│                          Permissive;       │
│                          effective         │
│                          protection        │
│                          unverified (/     │
│                          security)         │
│  Agents.md:              <none>            │
│                                            │
│  Token usage:            1.2K total  (800  │
│  Context window:         100% left (1.2K u │
│  Monthly credit limit:   68% left          │
│                          (resets 07:08 on  │
│                          7 May)            │
│                          8,000 of 25,000   │
│                          credits used      │
╰────────────────────────────────────────────╯
