---
source: tui/src/app/tests.rs
expression: popup
---
  Spawn
  Create supervised native agents or bind a root pane.

  Search spawn roles
  Quick start
› Create standard crew: Nazgul + Troll + 3 Orcs                      Create persistent named panes (Nazgul Claude
                                                                     Fable Plan, Troll GPT-5.6-Sol xhigh, Orcs GPT-
                                                                     5.6-Luna xhigh, GPT-5.6-Terra xhigh, and
                                                                     OpenRouter Grok 4.6). No task is started.
  Create Corbanu API crew: Fable Nazgul + Luna Troll + 3 Flash Orcs  Create persistent named panes using wallet-funded
                                                                     Corbanu API routes (Nazgul Claude Fable 5, Troll
                                                                     GPT-5.6 Luna xhigh, and 3 Orcs on GLM 5.3 Flash).
                                                                     No task is started.
  Roles
  Nazgul                                                             Create a Nazgul root pane or bind an existing
                                                                     pane.
  Troll                                                              Create a persistent supervisor agent pane.
  Orc                                                                Create a persistent executor agent pane.
  Status

  Press enter to confirm or esc to go back
