---
source: tui/src/app/tests.rs
expression: normalized
---
⚠ Corbanu Terminal is using the non-admin Windows sandbox. In this mode,
  sandboxed commands can delete or move files outside your workspace in folders
  you own, such as most of your user profile. Switch to the default sandbox
  (one-time Administrator setup) by running /setup-default-sandbox, or set
  `sandbox = "elevated"` under `[windows]` in config.toml. Learn more:
  https://github.com/CorbanuCore/CorbanuTerminal/blob/main/docs/sandbox.md#windows-non-admin-sandbox
