---
source: tui/src/app/tests.rs
expression: "render_bottom_popup(&app.chat_widget, 100)"
---
  New Assignment - Worker
  Choose the Worker. The assignment runs for 8 hours after execution starts.

  Search panes
› Manager  Corbanu Terminal; idle; 00000000-0000-0000-0000-000000000492
  Worker   Corbanu Terminal; idle; 00000000-0000-0000-0000-000000000493

  Press enter to confirm or esc to go back
