---
source: tui/src/app/tests.rs
expression: "render_bottom_popup(&app.chat_widget, 100)"
---
  New Assignment - Manager
  Choose who manages Worker Worker. Selecting starts the 8-hour Draft-with-Manager assignment.

  Search panes
› Create Manager pane (default)  Create a PFTerminal pane using z-ai/glm-5.2 and start in
                                 Drafting.
  Bind Manager                   PFTerminal; idle; 00000000-0000-0000-0000-000000000492; starts in
                                 Drafting

  Press enter to confirm or esc to go back
