---
source: tui/src/security/revocation_view_tests.rs
expression: text(&view)
---
Grants and kill switch
Core's level: Permissive · Kill switch: on

Turn the kill switch off?
Protected actions can be approved again and grants can be issued. Revoked grants and
approvals do not come back.
The level stays Permissive: turning the kill switch off never lowers it.

› Back (the kill switch stays on)
  Turn the kill switch off

↑/↓ choose · enter confirm · esc cancel, nothing changes
