---
source: tui/src/bottom_pane/chat_composer.rs
expression: terminal.backend()
---
"                                            "
"› Ask Corbanu Terminal to do anything       "
"                                            "
"                                            "
"                                            "
"                                            "
"                                            "
"                                            "
"  Plan mode (shift+tab to cycle)            "
