---
source: tui/src/bottom_pane/security_level_picker_tests.rs
expression: "render(&picker, 80)"
---
Saved: Aggressive (nested agents: refuse)
Restart Corbanu Terminal to activate Aggressive. Until then this session stays
Permissive. Resume this conversation with /resume after restarting.
enter or esc close
