---
source: tui/src/bottom_pane/security_level_picker_tests.rs
expression: "render(&picker, 80)"
---
Saved: Aggressive (nested agents: refuse)
Restart Corbanu Terminal to activate Aggressive. Until then this session stays
Permissive.
Core's level is Aggressive from the next start.
Press r to restart now: Corbanu Terminal closes this session and starts again in
this folder with the same options. Conversations from before cannot be resumed
under Aggressive.
r restart now · enter or esc close
