---
source: tui/src/chatwidget/tests/review_mode.rs
expression: normalize_snapshot_paths(term.backend().vt100().screen().contents())
---










• Working (0s • esc to interrupt)

• Messages to be submitted at end of turn
  ↳ Steer submitted while /review was running.

› Ask Corbanu Terminal to do anything

  Z.AI GLM 5.3 Flash via zai default · /tmp/project · Corbanu Terminal · TPS: -…
