---
source: tui/src/chatwidget/tests/side.rs
expression: terminal.backend()
---
"                                                                                "
"                                                                                "
"› Ask Corbanu Terminal to do anything                                           "
"                                                                                "
"  Z.AI GLM 5.3 Flash via zai                                 ctrl + / for side  "
