---
source: tui/src/chatwidget/tests/slash_commands.rs
assertion_line: 1490
expression: normalize_snapshot_paths(term.backend().vt100().screen().contents())
---

/usage daily

 Token activity
   Loading...


› Ask Corbanu Terminal to do anything

  Ambient GLM 5.2 standard · /tmp/project · Corbanu Terminal · TPS: -- tok/s
