---
source: tui/src/chatwidget/tests/exec_flow.rs
expression: normalized_backend_snapshot(terminal.backend())
---
"                                                                                "
"• Working (0s • esc to interrupt) · 1 background terminal running · /ps to view…"
"                                                                                "
"                                                                                "
"› Ask Corbanu Terminal to do anything                                           "
"                                                                                "
"  Z.AI GLM 5.3 Flash via zai default · /tmp/project · Corbanu Terminal · TPS: -…"
