---
source: tui/src/chatwidget/tests/side.rs
expression: terminal.backend()
---
"                                                                                "
"                                                                                "
"› Ask Corbanu Terminal to do anything                                           "
"                                                                                "
"  Ambient GLM 5.2                                            ctrl + / for side  "
