---
source: tui/src/chatwidget/tests/side.rs
assertion_line: 447
expression: terminal.backend()
---
"                                                                                "
"                                                                                "
"› Ask PFTerminal to do anything                                                 "
"                                                                                "
"  Ambient GLM 5.2                                            ctrl + / for side  "
