---
source: tui/src/chatwidget/tests/mcp_startup.rs
expression: normalize_snapshot_paths(term.backend().vt100().screen().contents())
---



⚠ MCP client for `alpha` failed to start: handshake failed
⚠ MCP startup incomplete (failed: alpha)


› Ask Corbanu Terminal to do anything

  Z.AI GLM 5.3 Flash via zai default · /tmp/project · Corbanu Terminal · TPS: -- tok/s
