---
source: tui/src/chatwidget/tests/popups_and_settings.rs
expression: popup
---
  Select Model and Effort
  At-cost, wallet-funded API balance

  OpenAI  Ambient  [Corbanu API]  Kimi Code  Z.AI  DeepSeek  Claude Plan  Anthropic  Meta  Vercel  Baseten  OpenRouter

› 1. GLM 5.3 Flash (Recommended) (current)  Model: corbanu/glm-5.3-flash. Recommended. Wallet-funded at exact cost with zero markup.
                                            Current prices are shown in /wallet. Third-party inference.
  2. Ambient GLM 5.2                        Model: z-ai/glm-5.2. Ambient: GLM 5.2 - $0.76/M input, $0.14/M cached input, $2.42/M output.
  3. GLM 5.3                                Model: corbanu/glm-5.3. Uses balance faster. Wallet-funded at exact cost with zero markup.
                                            Current prices are shown in /wallet. Third-party inference.
  4. GPT-5.6 Luna (xhigh)                   Model: corbanu/gpt-5.6-luna. Wallet-funded at exact cost with zero markup. Current prices are
                                            shown in /wallet. Third-party inference.
  5. GPT-5.6 Sol                            Model: corbanu/gpt-5.6-sol. Wallet-funded at exact cost with zero markup. Current prices are
                                            shown in /wallet. Third-party inference.
  6. Claude Fable 5                         Model: corbanu/claude-fable-5. Wallet-funded at exact cost with zero markup. Current prices
                                            are shown in /wallet. Third-party inference.
  7. DeepSeek V4 Pro                        Model: corbanu/deepseek-v4-pro. Wallet-funded at exact cost with zero markup. Current prices
                                            are shown in /wallet. Third-party inference.

  Use Left/Right to switch providers. Press Enter to confirm or Esc to go back
