---
source: tui/src/chatwidget/tests/side.rs
expression: terminal.backend()
---
"                                                                                "
"                                                                                "
"› Check recently modified functions for compatibility                           "
"                                                                                "
"  z-ai/glm-5.2 st… Side from main thread · main needs input · Ctrl+C to return  "
