---
source: tui/src/chatwidget/wallet_api_tests.rs
assertion_line: 152
expression: rendered
---
  Corbanu API
  $0 available
  No plan tier is required. Add any positive canonical-USDC amount.
  Top up with USDC to create the first API key.

› 1. Top up balance                 Choose any positive canonical-USDC amount
  2. Manage API keys                Unlock to load key summaries and balances
  3. Create API key                 Unlock and reveal a new key exactly once
  4. GLM 5.3 Flash · Recommended    $0.15 input · $0.03 cache read · $0.15 cache write
                                    · $0.50 output · Third-party inference
  5. GLM 5.3 · uses balance faster  $1.40 input · $0.14 cache read · $1.40 cache write
                                    · $4.40 output · Third-party inference
  6. Refresh                        Reload balance and model prices

  Press enter to confirm or esc to go back
