---
source: tui/src/chatwidget/tests/side.rs
assertion_line: 401
expression: terminal.backend()
---
"                                                                                "
"                                                                                "
"› Check recently modified functions for compatibility                           "
"                                                                                "
"  Ambient GLM … Side from main thread · ctrl + / to switch · ctrl + c to close  "
