---
source: tui/src/chatwidget/tests/popups_and_settings.rs
expression: reasoning_popup
---
  Select Reasoning Level for Kimi Code K3

  1. Low            Low. Faster, lighter reasoning.
  2. High           High. Stronger reasoning with more latency.
› 3. max (default)  Max. Kimi K3's deepest reasoning mode (default).

  Press enter to confirm or esc to go back
