---
source: tui/src/chatwidget/wallet_menu.rs
assertion_line: 2086
expression: "render_bottom_pane(&chat, 76)"
---

  Claude Plan authentication
  Choose one source; Corbanu never falls back to another account.

› Long-lived subscription token (Recommended)  Run `claude setup-token` in
                                               a private terminal, then
                                               paste its approximately
                                               one-year token here (Pro,
                                               Max, Team, or Enterprise).
  Claude Code login                            Use Claude Code's rotating
                                               login state;
                                               reauthorization may be
                                               needed more often.

  Your account and billing path change only after success. Esc keeps the
  current method.
  Press enter to confirm or esc to go back
