---
source: tui/src/chatwidget/provider_credentials.rs
assertion_line: 792
expression: rendered
---
Provider: OpenAI Codex Account         Not signed in
Provider: Claude Code Plan             Signed in · user@example.com · Max plan
Provider: Corbanu API                  Active · Starter plan · 3speRmS…JRwV5r
Provider: Anthropic API Key            Not configured
Provider: Ambient API Key              Not configured
Provider: Kimi Code API Key            Not configured
Provider: Z.AI API Key                 Not configured
Provider: DeepSeek API Key             Not configured
Provider: OpenRouter API Key           Not configured
Provider: Meta API Key                 Not configured
Provider: Baseten API Key              Not configured
Provider: Vercel API Key               Not configured
