---
source: tui/src/chatwidget/tests/popups_and_settings.rs
expression: popup
---
  Select Model and Effort
  Ambient coding plan

  1. gpt-5.6-sol (default)  Latest frontier agentic coding model.
  2. gpt-5.6-terra          Balanced agentic coding model for everyday work.
  3. gpt-5.6-luna           Fast and affordable agentic coding model.
  4. gpt-5.5                Frontier model for complex coding, research, and
                            real-world work.
› 5. gpt-5.2 (current)      Optimized for professional work and long-running
                            agents.

› 1. Ambient GLM 5.2 (current)  Model: z-ai/glm-5.2. Ambient: GLM 5.2 - $0.76/
                                M input, $0.14/M cached input, $2.42/M output.
  2. Ambient Kimi K2.7 Code     Model: moonshotai/kimi-k2.7-code. Ambient:
                                Kimi K2.7 Code - $0.73/M input, $0.15/M cached
                                input, $3.50/M output.

  Use Left/Right to switch providers. Press Enter to confirm or Esc to go back
