---
source: tui/src/chatwidget/campaign_tracker_tests.rs
assertion_line: 121
expression: rendered
---
  Campaign Tracker
  Create campaign failed. Campaign name exceeds 200 UTF-8 bytes. Shorten it and submit again.
  Review saved items before submitting again.

› 1. Edit draft  Restore your input for review and correction
  2. Overview    Open Campaign Tracker status

  Press enter to confirm or esc to go back
