---
source: tui/src/chatwidget/wallet_menu.rs
assertion_line: 2178
expression: "crate::terminal_hyperlinks::strip_osc8(&rendered)"
---

  OpenAI account login
  Code: TEST-CODE
  Open:
  https://example.com/device/very-
  long-authentication-link
  On a remote or headless machine,
  open this link on another device and
  enter the code.

› 1. Cancel login

  Press enter to confirm or esc to go ba
