---
source: tui/src/chatwidget/wallet_menu.rs
assertion_line: 2138
expression: "render_bottom_pane(&chat, 76)"
---
▌ Save Claude subscription token
▌ Long-lived token — masked
▌
▌ In a separate private terminal, run `claude setup-token`. Paste its token
▌ here; Corbanu never captures the command output or adds the token to chat.

Press enter to confirm or esc to go back
