---
source: tui/src/chatwidget/tests/popups_and_settings.rs
assertion_line: 2577
expression: popup
---
  Select Model and Effort
  Ambient coding plan

  OpenAI  [Ambient]  Z.AI  Claude Plan  Anthropic  Vercel  Baseten  OpenRouter

› 1. Ambient GLM 5.2 (current)  Model: z-ai/glm-5.2. Ambient's default GLM 5.2
                                coding model.
  2. Ambient Kimi K2.7 Code     Model: moonshotai/kimi-k2.7-code. Ambient's
                                Kimi K2.7 Code model.

  Use Left/Right to switch providers. Press Enter to confirm or Esc to go back
