---
source: tui/src/chatwidget/tests/guardian.rs
assertion_line: 657
expression: normalize_snapshot_paths(rendered)
---
• Reviewing approval request (0s • esc to interrupt)
  └ rm -rf '/tmp/current-review'


› Ask Corbanu Terminal to do anything

  Ambient GLM 5.2 standard · /tmp/project · Corbanu Terminal · TPS: -…
