---
source: tui/src/history_cell/tests.rs
expression: rendered
---
╭────────────────────────────────────────────────────────────────╮
│ ✨ Update available! 0.1.30 -> 9.9.9                           │
│ Run pnpm add -g @agticorp/pfterminal to update.                │
│                                                                │
│ See full release notes:                                        │
│ https://github.com/CorbanuCore/CorbanuTerminal/releases/latest │
╰────────────────────────────────────────────────────────────────╯
